
> classx360@0.0.0 build
> vite build

[36mvite v7.3.1 [32mbuilding client environment for production...[36m[39m
transforming...
[32mΓ£ô[39m 56 modules transformed.
node.exe : [31mΓ£ù[39m Build failed in 252ms
At line:1 char:1
+ & "C:\Program Files\nodejs/node.exe" "C:\Users\Mothe 
Lavanya\AppData\ ...
+ ~~~~~~~~~~~~~~~~~~~~~~~~~~~~~~~~~~~~~~~~~~~~~~~~~~~~~~
~~~~~~~~~~~~~~~
    + CategoryInfo          : NotSpecified: ([31mΓ£ù[ 
   39m Build failed in 252ms:String) [], RemoteExcepti  
  on
    + FullyQualifiedErrorId : NativeCommandError
 
[31merror during build:
[31mCould not resolve "../assets/termsofservice.jpg" 
from "src/pages/Terms.jsx"[31m
file: [36mC:/Users/Mothe 
Lavanya/OneDrive/Desktop/certificates/class 
360/src/pages/Terms.jsx[31m
    at getRollupError (file:///C:/Users/Mothe%20Lavanya/
OneDrive/Desktop/certificates/class%20360/node_modules/r
ollup/dist/es/shared/parseAst.js:400:41)
    at error (file:///C:/Users/Mothe%20Lavanya/OneDrive/
Desktop/certificates/class%20360/node_modules/rollup/dis
t/es/shared/parseAst.js:396:42)
    at ModuleLoader.handleInvalidResolvedId (file:///C:/
Users/Mothe%20Lavanya/OneDrive/Desktop/certificates/clas
s%20360/node_modules/rollup/dist/es/shared/node-entry.js
:21666:24)
    at file:///C:/Users/Mothe%20Lavanya/OneDrive/Desktop
/certificates/class%20360/node_modules/rollup/dist/es/sh
ared/node-entry.js:21626:26[39m
